// Jest Snapshot v1, https://goo.gl/fbAQLP

exports[`App Initialization renders correctly 1`] = `ShallowWrapper {}`;
