// Jest Snapshot v1, https://goo.gl/fbAQLP

exports[`Gift Initialization renders properly 1`] = `ShallowWrapper {}`;
